// Bun Snapshot v1, https://bun.sh/docs/test/snapshots

exports[`CLI --help snapshots root --help snapshot 1`] = `
"Usage: privacy-pools [options] [command]
Privacy Pools: a compliant way to transact privately on Ethereum
  Explore (no wallet needed)
  pools                List available pools and assets
  activity             Show public activity feed
  stats                Show public statistics
  status               Show configuration and check connection health
  guide                Show usage guide, workflow, and reference
  capabilities         Describe CLI capabilities for agent discovery
  describe             Describe one command for runtime agent introspection
  Transact (run init first)
  init                 Initialize wallet and configuration
  flow                 Run the easy-path deposit-to-withdraw workflow
  deposit              Deposit into a pool
  accounts             List your Pool Accounts (individual deposit lineages)
                       with balances
  migrate              Inspect legacy migration readiness on CLI-supported
                       chains
  withdraw             Withdraw from a pool
  ragequit|exit        Publicly withdraw funds to your deposit address
  history              Show chronological event history (deposits, withdrawals,
                       ragequits)
  sync                 Force-sync local account state from onchain events
  Tooling
  completion           Generate shell completion script
Options:
  -V, --version        output the version number
  -c, --chain <name>   Target chain (mainnet, arbitrum, optimism, ...)
  -j, --json           Machine-readable JSON output on stdout
  --format <format>    Output format: table (default), csv, json (choices:
                       "table", "csv", "json")
  -y, --yes            Skip confirmation prompts
  -r, --rpc-url <url>  Override RPC URL
  --agent              Machine-friendly mode (alias for --json --yes --quiet)
  -q, --quiet          Suppress non-essential stderr output
  -v, --verbose        Enable verbose/debug output
  --no-banner          Disable ASCII banner output
  --no-color           Disable colored output (also respects NO_COLOR env var)
  --timeout <seconds>  Network/transaction timeout in seconds (default: 30)
  -h, --help           display help for command
  Get started:      privacy-pools init
  Full guide:       privacy-pools guide
  Command help:     privacy-pools <command> --help
  Agent discovery:  privacy-pools capabilities"
`;

exports[`CLI --help snapshots init --help snapshot 1`] = `
"Usage: privacy-pools init [options]
Initialize wallet and configuration
Options:
  --mnemonic <phrase>        Import an existing recovery phrase (unsafe: visible
                             in process list)
  --mnemonic-file <path>     Import recovery phrase from a file (raw phrase or
                             Privacy Pools backup file)
  --mnemonic-stdin           Import recovery phrase from stdin (raw phrase or
                             Privacy Pools backup text)
  --show-mnemonic            Include generated recovery phrase in JSON output
                             (unsafe: may be logged or piped)
  --private-key <key>        Set the signer private key (unsafe: visible in
                             process list)
  --private-key-file <path>  Set the signer private key from a file
  --private-key-stdin        Set the signer private key from stdin
  --default-chain <chain>    Set default chain
  --rpc-url <url>            Set RPC URL for the default chain
  --force                    Overwrite existing configuration without prompting
  -h, --help                 display help for command
Generates a BIP-39 mnemonic (used to derive deposit commitments) and a signer key (your onchain identity). Run once.
Privacy Pools uses two keys:
  Recovery phrase: keeps your deposits private (generated during init)
  Signer key:     pays gas and sends transactions (can be set later)
  These are independent. Set the signer key via PRIVACY_POOLS_PRIVATE_KEY env var.
During interactive setup, init offers to write a recovery backup to ~/privacy-pools-recovery.txt. Use only one stdin secret source per invocation: either --mnemonic-stdin or --private-key-stdin.
Newly generated recovery phrases use 24 words (256-bit entropy). Imported recovery phrases may still be 12 or 24 words.
Legacy pre-upgrade accounts may need website migration or website-based recovery before the CLI can safely restore them.
Circuit artifacts are provisioned automatically on first proof, cached under ~/.privacy-pools/circuits/v<sdk-version>/, and verified against the shipped checksum manifest.
Examples:
  privacy-pools init
  privacy-pools init --yes --default-chain mainnet
  privacy-pools init --force --yes --default-chain mainnet
  privacy-pools init --agent --default-chain mainnet --show-mnemonic
  privacy-pools init --mnemonic "word ..." --private-key 0x...
  privacy-pools init --mnemonic-file ./my-mnemonic.txt --private-key-file ./my-key.txt
  cat phrase.txt | privacy-pools init --mnemonic-stdin --yes --default-chain mainnet
Safety notes:
  The recovery phrase and signer key are independent secrets: the phrase controls deposit privacy, the key pays gas. Neither is derived from the other.
  Newly generated recovery phrases use 24 words (256-bit entropy). Imported recovery phrases may still be 12 or 24 words.
  Legacy pre-upgrade accounts may need website migration or website-based recovery before the CLI can safely restore them.
Agent workflow:
  When generating a new recovery phrase in machine mode, pass --show-mnemonic and capture it immediately.
  When importing an existing recovery phrase, nextActions points to accounts --agent --all-chains so the CLI can check for Pool Accounts across mainnets and testnets.
JSON output (--json):
  { defaultChain, signerKeySet, recoveryPhraseRedacted? | recoveryPhrase?, warning?, nextActions?: [{ command, reason, when, args?, options?, runnable? }] }"
`;

exports[`CLI --help snapshots flow --help snapshot 1`] = `
"Usage: privacy-pools flow [options] [command]
Run the easy-path deposit-to-withdraw workflow
Options:
  -h, --help                        display help for command
Commands:
  start [options] <amount> <asset>  Deposit now and save a later private
                                    withdrawal workflow
  watch [workflowId]                Poll ASP approval and withdraw privately
                                    when ready
  status [workflowId]               Show the saved easy-path workflow state
  ragequit [workflowId]             Recover a saved workflow publicly via
                                    ragequit
  help [command]                    display help for command
Adds a persisted easy path on top of the same public deposit, ASP review, and relayed private withdrawal flow used by the website and manual CLI commands.
Manual commands remain unchanged and are still the advanced/manual path when you need custom Pool Account selection, partial amounts, direct withdrawals, unsigned payloads, or dry-runs.
Examples:
  privacy-pools flow start 0.1 ETH --to 0xRecipient...
  privacy-pools flow start 0.1 ETH --to 0xRecipient... --watch
  privacy-pools flow start 100 USDC --to 0xRecipient... --new-wallet --export-new-wallet ./flow-wallet.txt
  privacy-pools flow watch
  privacy-pools flow status latest
  privacy-pools flow ragequit latest
Prerequisites:
  Requires: init for start/watch/ragequit; saved workflow for status"
`;

exports[`CLI --help snapshots status --help snapshot 1`] = `
"Usage: privacy-pools status [options]
Show configuration and check connection health
Options:
  --check      Run both RPC and ASP health checks
  --no-check   Suppress default health checks
  --check-rpc  Actively test RPC connectivity
  --check-asp  Actively test ASP liveness
  -h, --help   display help for command
Examples:
  privacy-pools status
  privacy-pools status --check
  privacy-pools status --no-check
  privacy-pools status --agent --check-rpc
  privacy-pools status --chain mainnet --rpc-url https://...
JSON output (--json):
  { configExists, configDir, defaultChain, selectedChain, rpcUrl, rpcIsCustom, recoveryPhraseSet, signerKeySet, signerKeyValid, signerAddress, entrypoint, aspHost, accountFiles: [{ chain, chainId }], readyForDeposit, readyForWithdraw, readyForUnsigned, nextActions?: [{ command, reason, when, args?, options?, runnable? }], aspLive?, rpcLive?, rpcBlockNumber? }"
`;

exports[`CLI --help snapshots pools --help snapshot 1`] = `
"Usage: privacy-pools pools [options] [asset]
List available pools and assets
Arguments:
  asset             Asset symbol for detail view (e.g. ETH, BOLD)
Options:
  --all-chains      Include testnet chains (mainnet chains shown by default)
  --search <query>  Filter by chain/symbol/address/scope
  --sort <mode>     Sort mode (default, asset-asc, asset-desc, tvl-desc,
                    tvl-asc, deposits-desc, deposits-asc, chain-asset) (choices:
                    "default", "asset-asc", "asset-desc", "tvl-desc", "tvl-asc",
                    "deposits-desc", "deposits-asc", "chain-asset", default:
                    "tvl-desc")
  -h, --help        display help for command
When no --chain is specified, shows all mainnet chains. Use --all-chains to include testnets. Pools are sorted by pool balance (highest first) by default. Pass a single asset symbol (e.g. 'pools ETH') for a detail view with your funds, recent activity, and pool stats.
Examples:
  privacy-pools pools
  privacy-pools pools ETH
  privacy-pools pools BOLD --chain mainnet
  privacy-pools pools --all-chains --sort tvl-desc
  privacy-pools pools --search usdc --sort asset-asc
  privacy-pools pools --agent --chain mainnet
Agent workflow:
  In pools JSON, 'asset' is the symbol for CLI follow-up commands and 'tokenAddress' is the contract address.
JSON output (--json):
  { chain?, allChains?, chains?, search, sort, pools: [{ chain?, asset, tokenAddress, pool, scope, totalDepositsCount, totalDepositsValue, acceptedDepositsValue, pendingDepositsValue, ... }], warnings? }
  detail (<asset>): { chain, asset, tokenAddress, pool, scope, ..., myFunds?, myFundsWarning?, recentActivity? }
  detail myFunds: { balance, usdValue, poolAccounts, pendingCount, poiRequiredCount, declinedCount, accounts: [{ id, status, aspStatus, value }] }"
`;

exports[`CLI --help snapshots activity --help snapshot 1`] = `
"Usage: privacy-pools activity [options]
Show public activity feed
Options:
  -a, --asset <symbol|address>  Filter to one pool asset on the selected chain
  --page <n>                    Page number (default: "1")
  --limit <n>                   Items per page (default: "12")
  -h, --help                    display help for command
Examples:
  privacy-pools activity
  privacy-pools activity --page 2 --limit 20
  privacy-pools activity --asset ETH
  privacy-pools activity --asset USDC --agent --chain mainnet
JSON output (--json):
  { mode, chain, chains?, page, perPage, total, totalPages, chainFiltered?, note?, asset?, pool?, scope?, events: [{ type, txHash, explorerUrl, reviewStatus, amountRaw, amountFormatted, poolSymbol, poolAddress, chainId, timestamp }] }"
`;

exports[`CLI --help snapshots stats --help snapshot 1`] = `
"Usage: privacy-pools stats [options] [command]
Show public statistics
Options:
  -h, --help      display help for command
Commands:
  global          Show global Privacy Pools statistics (all-time and last 24h)
  pool [options]  Show statistics for a specific pool (all-time and last 24h)
  help [command]  display help for command
Examples:
  privacy-pools stats global
  privacy-pools stats pool --asset ETH
  privacy-pools stats pool --asset USDC --agent --chain mainnet"
`;

exports[`CLI --help snapshots deposit --help snapshot 1`] = `
"Usage: privacy-pools deposit [options] <amount> [asset]
Deposit into a pool
Arguments:
  amount                        Amount to deposit (e.g. 0.1)
  asset                         Asset symbol (e.g. ETH, USDC)
Options:
  -a, --asset <symbol|address>  Asset to deposit (symbol like ETH, USDC, or
                                contract address)
  --unsigned [format]           Build unsigned payload; format: envelope
                                (default) or tx (choices: "envelope", "tx")
  --dry-run                     Validate and preview the transaction without
                                submitting
  --ignore-unique-amount        Bypass the non-round amount privacy check
  -h, --help                    display help for command
Deposits funds (ETH or ERC-20 tokens) into a Privacy Pool, creating a private commitment. A ZK proof is generated locally and the transaction is submitted onchain. The first run may provision checksum-verified circuit artifacts (~60s). Subsequent runs typically complete in 10-30s.
Non-round deposit amounts can fingerprint your deposit in the anonymity set. The CLI warns and blocks deposits with excessive decimal precision (e.g. 1.276848 ETH), suggesting nearby round alternatives. Use --ignore-unique-amount to override.
Examples:
  privacy-pools deposit 0.1 ETH
  privacy-pools deposit 100 USDC
  privacy-pools deposit 0.05 ETH --agent
  privacy-pools deposit 0.1 ETH --unsigned
  privacy-pools deposit 0.1 ETH --dry-run
  privacy-pools deposit 0.1 --asset ETH --chain mainnet
Prerequisites:
  Requires: init
Safety notes:
  Deposits are reviewed by the ASP before approval. Most approve within 1 hour; some may take up to 7 days.
  A vetting fee is deducted from the deposit amount by the pool's ASP.
  Only approved deposits can use withdraw, whether relayed or direct. Declined deposits must use ragequit/exit publicly. Deposits that require Proof of Association (PoA) must complete the PoA flow at tornado.0xbow.io before they can withdraw privately.
Agent workflow:
  Poll accounts --chain <chain> --pending-only while the Pool Account remains pending; when it disappears from pending results, re-run accounts --chain <chain> to confirm whether aspStatus became approved, declined, or requires Proof of Association. Withdraw only after approval; ragequit if declined; complete Proof of Association at tornado.0xbow.io first if needed. Always preserve the same --chain scope for both polling and confirmation.
JSON output (--json):
  { operation, txHash, amount, committedValue, asset, chain, poolAccountNumber, poolAccountId, poolAddress, scope, label, blockNumber, explorerUrl, nextActions?: [{ command, reason, when, args?, options?, runnable? }] }
  --unsigned: { mode, operation, chain, asset, amount, precommitment, transactions[] }
  --unsigned tx: [{ to, data, value, valueHex, chainId }]
  --dry-run: { dryRun, operation, chain, asset, amount, poolAccountNumber, poolAccountId, precommitment, balanceSufficient }
Additional modes:
  --unsigned builds transaction payloads without submitting.
  --dry-run validates the operation without submitting it."
`;

exports[`CLI --help snapshots withdraw --help snapshot 1`] = `
"Usage: privacy-pools withdraw [options] [command] [amount] [asset]
Withdraw from a pool
Arguments:
  amount                                    Amount to withdraw (e.g. 0.05, 50%)
  asset                                     Asset symbol (e.g. ETH, USDC)
Options:
  -t, --to <address>                        Recipient address (required for relayed)
  -p, --from-pa <PA-#|#>                    Withdraw from a specific Pool Account (e.g. PA-2)
  --unsigned [format]                       Build unsigned payload; format: envelope (default) or tx (choices: "envelope", "tx")
  --dry-run                                 Generate and verify withdrawal artifacts without submitting
  -a, --asset <symbol|address>              Asset to withdraw
  --all                                     Withdraw entire Pool Account balance
  --extra-gas                               Request gas tokens with withdrawal (default: true for ERC20)
  --no-extra-gas                            Disable extra gas request
  -h, --help                                display help for command
Commands:
  quote [options] <amountOrAsset> [amount]  Request relayer quote and limits without generating a proof
Withdraws funds from a Privacy Pool via a relayer (default, recommended) for enhanced privacy. The relayer pays gas on your behalf and takes a small fee, keeping your withdrawal address unlinkable to your deposit. ASP approval is required before withdrawal. If a deposit is poi_required, complete Proof of Association at tornado.0xbow.io first. If it is declined, the recovery path is ragequit. Proof generation may take 10-30s. Use 'withdraw quote' to check relayer fees first.
A --direct mode exists but is not recommended: it interacts with the pool contract directly, publicly linking your deposit and withdrawal addresses onchain. Prefer relayed withdrawals for privacy.
Non-round withdrawal amounts may reduce privacy. The CLI suggests round alternatives.
Examples:
  privacy-pools withdraw 0.05 ETH --to 0xRecipient...
  privacy-pools withdraw 0.05 ETH --to 0xRecipient... --from-pa PA-2
  privacy-pools withdraw --all ETH --to 0xRecipient...
  privacy-pools withdraw 50% ETH --to 0xRecipient...
  privacy-pools withdraw 0.1 ETH --to 0xRecipient... --dry-run
  privacy-pools withdraw quote 0.1 ETH --to 0xRecipient...
  privacy-pools withdraw 0.05 ETH --to 0xRecipient... --chain mainnet
Prerequisites:
  Requires: init (account state should be synced)
Safety notes:
  Always prefer relayed withdrawals (the default). Direct withdrawals (--direct) are NOT privacy-preserving: they publicly link your deposit address and withdrawal address onchain. Only use --direct if you understand and accept the privacy trade-off.
  ASP approval is required for both relayed and direct withdrawals. Declined deposits must ragequit publicly to the original deposit address.
  Relayed withdrawals must also respect the relayer minimum. If a withdrawal would leave a positive remainder below that minimum, the CLI warns so you can withdraw less, use --all/100%, or choose a public recovery path later.
JSON output (--json):
  { operation, mode, txHash, blockNumber, amount, recipient, explorerUrl, poolAddress, scope, asset, chain, poolAccountNumber, poolAccountId, feeBPS, extraGas?, remainingBalance, anonymitySet?: { eligible, total, percentage }, nextActions?: [{ command, reason, when, args?, options?, runnable? }] }
  direct: same fields but mode: "direct", feeBPS: null, no extraGas, and human output explains the onchain link between deposit and withdrawal.
  quote: { mode: "relayed-quote", chain, asset, amount, recipient, minWithdrawAmount, minWithdrawAmountFormatted, quoteFeeBPS, feeAmount, netAmount, feeCommitmentPresent, quoteExpiresAt, extraGas?, nextActions?: [{ command, reason, when, args?, options?, runnable? }] }
  --unsigned: { mode, operation, withdrawMode, chain, transactions[], ... }
  --unsigned tx: [{ to, data, value, valueHex, chainId }]
  --dry-run: { operation, mode, dryRun, amount, asset, chain, recipient, poolAccountNumber, poolAccountId, selectedCommitmentLabel, selectedCommitmentValue, proofPublicSignals, feeBPS?, quoteExpiresAt?, extraGas?, anonymitySet?: { eligible, total, percentage } }
Additional modes:
  --unsigned builds transaction payloads without submitting.
  --dry-run validates the operation without submitting it."
`;

exports[`CLI --help snapshots ragequit --help snapshot 1`] = `
"Usage: privacy-pools ragequit|exit [options] [asset]
Publicly withdraw funds to your deposit address
Arguments:
  asset                         Optional positional asset alias (e.g., ragequit
                                ETH)
Options:
  -a, --asset <symbol|address>  Asset pool to exit from
  -p, --from-pa <PA-#|#>        Ragequit a specific Pool Account (e.g. PA-2)
  --unsigned [format]           Build unsigned payload; format: envelope
                                (default) or tx (choices: "envelope", "tx")
  --dry-run                     Generate proof and validate without submitting
  -h, --help                    display help for command
Emergency withdrawal without ASP approval. The original depositor can publicly reclaim funds when the deposit label is not approved. Use 'withdraw' to withdraw privately once your deposit is ASP-approved. Use 'ragequit' at any time to recover funds publicly to your deposit address. Declined deposits must use this path; pending and poi_required deposits can also use it. Falls back to a built-in pool registry when public pool discovery is unavailable. 'exit' is an alias.
Examples:
  privacy-pools ragequit ETH --from-pa PA-1
  privacy-pools ragequit ETH --unsigned --from-pa PA-1
  privacy-pools ragequit ETH --dry-run --from-pa PA-1
  privacy-pools ragequit ETH --from-pa PA-1 --chain mainnet
Prerequisites:
  Requires: init (account state should be synced)
Safety notes:
  Ragequit is public and irreversible and reveals the original deposit address onchain.
JSON output (--json):
  { operation, txHash, amount, asset, chain, poolAccountNumber, poolAccountId, poolAddress, scope, blockNumber, explorerUrl, nextActions?: [{ command, reason, when, args?, options?, runnable? }] }
  --unsigned: { mode, operation, chain, asset, amount, transactions[] }
  --unsigned tx: [{ to, data, value, valueHex, chainId }]
  --dry-run: { dryRun, operation, chain, asset, amount, poolAccountNumber, poolAccountId, selectedCommitmentLabel, selectedCommitmentValue, proofPublicSignals }
Additional modes:
  --unsigned builds transaction payloads without submitting.
  --dry-run validates the operation without submitting it."
`;

exports[`CLI --help snapshots accounts --help snapshot 1`] = `
"Usage: privacy-pools accounts [options]
List your Pool Accounts (individual deposit lineages) with balances
Options:
  --no-sync       Use cached data (faster, but may be stale)
  --all-chains    Include testnet chains (mainnet chains shown by default)
  --details       Show additional details per Pool Account
  --summary       Show counts and balances only
  --pending-only  Show only pending ASP approvals
  -h, --help      display help for command
Without --chain, accounts acts like a dashboard and aggregates your holdings across all mainnet chains. Use --all-chains to include testnets or --chain <name> to focus on one chain.
Pool Account statuses: approved, pending, poi_required, declined, unknown, spent (fully withdrawn), exited (exit/ragequit).
ASP statuses: approved (eligible for withdraw), pending (waiting for ASP), poi_required (complete Proof of Association at tornado.0xbow.io before withdraw), declined (cannot use withdraw; use ragequit), unknown.
Compact modes --summary and --pending-only are intended for polling loops and do not support --details. When polling with --pending-only, Pool Accounts disappear from results when ASP review finishes. Re-run accounts without --pending-only to confirm whether the final status is approved, declined, or poi_required.
Examples:
  privacy-pools accounts
  privacy-pools accounts --all-chains
  privacy-pools accounts --details
  privacy-pools accounts --summary
  privacy-pools accounts --chain <name> --pending-only
  privacy-pools accounts --agent
  privacy-pools accounts --no-sync --chain mainnet
Prerequisites:
  Requires: init
Agent workflow:
  Without --chain, accounts aggregates all mainnet chains by default. Use --all-chains to include testnets.
  Use --summary or --pending-only to reduce JSON size for polling loops.
  When a Pool Account disappears from --pending-only results, re-run accounts without --pending-only to confirm whether it was approved, declined, or requires Proof of Association (tornado.0xbow.io) before choosing withdraw or ragequit.
JSON output (--json):
  { chain, allChains?, chains?, warnings?, accounts: [{ poolAccountNumber, poolAccountId, status, aspStatus, asset, scope, value, hash, label, blockNumber, txHash, explorerUrl, chain?, chainId? }], balances: [{ asset, balance, usdValue, poolAccounts, chain?, chainId? }], pendingCount, nextActions?: [{ command, reason, when, args?, options?, runnable? }] }
  --summary: { chain, allChains?, chains?, warnings?, pendingCount, approvedCount, poiRequiredCount, declinedCount, unknownCount, spentCount, exitedCount, balances, nextActions? }
  --pending-only: { chain, allChains?, chains?, warnings?, accounts, pendingCount, nextActions? }"
`;

exports[`CLI --help snapshots migrate --help snapshot 1`] = `
"Usage: privacy-pools migrate [options] [command]
Inspect legacy migration readiness on CLI-supported chains
Options:
  -h, --help        display help for command
Commands:
  status [options]  Show legacy migration readiness on CLI-supported chains
  help [command]    display help for command
Read-only command for legacy pre-upgrade accounts on chains currently supported by the CLI. It rebuilds the legacy account view from the installed SDK plus current onchain events, then reports whether the Privacy Pools website migration flow or website-based recovery is needed.
The CLI does not submit legacy migrations. Use the Privacy Pools website for actual migration or website-based recovery.
Examples:
  privacy-pools migrate status
  privacy-pools migrate status --chain mainnet
  privacy-pools migrate status --all-chains --agent
Prerequisites:
  Requires: init"
`;

exports[`CLI --help snapshots history --help snapshot 1`] = `
"Usage: privacy-pools history [options]
Show chronological event history (deposits, withdrawals, ragequits)
Options:
  --no-sync        Use cached data (faster, but may be stale)
  -n, --limit <n>  Show last N events (default: "50")
  -h, --help       display help for command
Examples:
  privacy-pools history
  privacy-pools history --limit 10
  privacy-pools history --agent
  privacy-pools history --no-sync --chain mainnet
Prerequisites:
  Requires: init
JSON output (--json):
  { chain, events: [{ type, asset, poolAddress, poolAccountNumber, poolAccountId, value, blockNumber, txHash, explorerUrl }] }"
`;

exports[`CLI --help snapshots sync --help snapshot 1`] = `
"Usage: privacy-pools sync [options]
Force-sync local account state from onchain events
Options:
  -a, --asset <symbol|address>  Sync only a single pool asset
  -h, --help                    display help for command
Most commands auto-sync with a 2-minute freshness window. Use sync to force a refresh when you need the latest state immediately.
Examples:
  privacy-pools sync
  privacy-pools sync --asset ETH --agent
  privacy-pools sync --chain mainnet
Prerequisites:
  Requires: init
JSON output (--json):
  { chain, syncedPools, availablePoolAccounts, syncedSymbols?, previousAvailablePoolAccounts? }"
`;

exports[`CLI --help snapshots guide --help snapshot 1`] = `
"Usage: privacy-pools guide [options]
Show usage guide, workflow, and reference
Options:
  -h, --help  display help for command"
`;

exports[`CLI --help snapshots capabilities --help snapshot 1`] = `
"Usage: privacy-pools capabilities [options]
Describe CLI capabilities for agent discovery
Options:
  -h, --help  display help for command
Examples:
  privacy-pools capabilities
  privacy-pools capabilities --agent
JSON output (--json):
  { commands[], commandDetails{}, globalFlags[], agentWorkflow[], agentNotes{}, schemas{}, supportedChains[], safeReadOnlyCommands[], jsonOutputContract, documentation?: { reference, agentGuide, changelog } }"
`;

exports[`CLI --help snapshots describe --help snapshot 1`] = `
"Usage: privacy-pools describe [options] <command...>
Describe one command for runtime agent introspection
Arguments:
  command     Command path to describe
Options:
  -h, --help  display help for command
Useful when a human or agent wants the runtime contract for one command without parsing long-form docs. Accepts spaced command paths like 'withdraw quote' and 'stats global'.
Examples:
  privacy-pools describe withdraw
  privacy-pools describe withdraw quote --agent
  privacy-pools describe stats global --agent
JSON output (--json):
  { command, description, aliases, usage, flags, globalFlags, requiresInit, expectedLatencyClass, safeReadOnly, prerequisites, examples, jsonFields, jsonVariants, safetyNotes, supportsUnsigned, supportsDryRun, agentWorkflowNotes }"
`;

exports[`CLI --help snapshots completion --help snapshot 1`] = `
"Usage: privacy-pools completion [options] [shell]
Generate shell completion script
Arguments:
  shell                Target shell (bash|zsh|fish|powershell)
Options:
  -s, --shell <shell>  Target shell (choices: "bash", "zsh", "fish",
                       "powershell")
  -h, --help           display help for command
Generated scripts register the privacy-pools command.
Setup (add to your shell profile):
  bash:  privacy-pools completion bash > ~/.local/share/bash-completion/completions/privacy-pools
  zsh:   privacy-pools completion zsh > ~/.zsh/completions/_privacy-pools
  fish:  privacy-pools completion fish > ~/.config/fish/completions/privacy-pools.fish
  pwsh:  privacy-pools completion powershell >> $PROFILE
Examples:
  privacy-pools completion zsh > ~/.zsh/completions/_privacy-pools
  privacy-pools completion bash > ~/.local/share/bash-completion/completions/privacy-pools
  privacy-pools completion fish > ~/.config/fish/completions/privacy-pools.fish
  privacy-pools completion powershell >> $PROFILE
JSON output (--json):
  { mode, shell, completionScript }"
`;

exports[`CLI --help snapshots withdraw quote --help snapshot 1`] = `
"Usage: privacy-pools withdraw quote [options] <amountOrAsset> [amount]
Request relayer quote and limits without generating a proof
Arguments:
  amountOrAsset                 Amount to withdraw (or asset symbol, see
                                examples)
  amount                        Amount (when asset is the first argument)
Options:
  -a, --asset <symbol|address>  Asset to quote
  -t, --to <address>            Recipient address (recommended for signed fee
                                commitment)
  -h, --help                    display help for command
Examples:
  privacy-pools withdraw quote 0.1 ETH --to 0xRecipient...
  privacy-pools withdraw quote 100 USDC --agent --chain mainnet
Prerequisites:
  Requires: init
Agent workflow:
  Quotes expire quickly; submit the withdrawal promptly after quoting if the fee is acceptable. Check runnable=false on nextActions for template commands that still need required user input.
JSON output (--json):
  { mode: "relayed-quote", chain, asset, amount, recipient, minWithdrawAmount, minWithdrawAmountFormatted, quoteFeeBPS, feeAmount, netAmount, feeCommitmentPresent, quoteExpiresAt, extraGas?, nextActions?: [{ command, reason, when, args?, options?, runnable? }] }"
`;

exports[`CLI --help snapshots stats global --help snapshot 1`] = `
"Usage: privacy-pools stats global [options]
Show global Privacy Pools statistics (all-time and last 24h)
Options:
  -h, --help  display help for command
Always returns aggregate cross-chain statistics. The --chain flag is not supported; use stats pool --asset <symbol> --chain <chain> for chain-specific data.
Examples:
  privacy-pools stats global
  privacy-pools stats global --agent
JSON output (--json):
  { mode, chain, chains?, cacheTimestamp?, allTime?, last24h?, perChain?: [{ chain, cacheTimestamp, allTime, last24h }] }"
`;

exports[`CLI --help snapshots stats pool --help snapshot 1`] = `
"Usage: privacy-pools stats pool [options]
Show statistics for a specific pool (all-time and last 24h)
Options:
  -a, --asset <symbol|address>  Pool asset (symbol like ETH, USDC, or token
                                address)
  -h, --help                    display help for command
Examples:
  privacy-pools stats pool --asset ETH
  privacy-pools stats pool --asset USDC --agent --chain mainnet
JSON output (--json):
  { mode, chain, asset, pool, scope, cacheTimestamp?, allTime?, last24h? }"
`;

exports[`CLI --help snapshots flow start --help snapshot 1`] = `
"Usage: privacy-pools flow start [options] <amount> <asset>
Deposit now and save a later private withdrawal workflow
Arguments:
  amount                      Amount to deposit (e.g. 0.1)
  asset                       Asset symbol (e.g. ETH, USDC)
Options:
  -t, --to <address>          Recipient address for the later private withdrawal
  --new-wallet                Create and use a dedicated wallet for this
                              workflow
  --export-new-wallet <path>  Export the generated workflow wallet backup before
                              continuing (requires --new-wallet)
  --watch                     Keep watching this workflow until it finishes or
                              pauses
  -h, --help                  display help for command
This is the compressed happy-path command: it performs the normal public deposit, saves a workflow locally, and targets a later relayed private withdrawal from that same Pool Account to the saved recipient.
With --new-wallet, the CLI generates a dedicated workflow wallet, waits for it to be funded, then continues automatically. ETH flows wait for the full ETH target; ERC20 flows wait for the token amount plus native ETH gas reserve.
The saved workflow always withdraws the full remaining balance from the newly created Pool Account, and it never auto-ragequits.
Examples:
  privacy-pools flow start 0.1 ETH --to 0xRecipient...
  privacy-pools flow start 100 USDC --to 0xRecipient... --chain mainnet
  privacy-pools flow start 100 USDC --to 0xRecipient... --new-wallet --export-new-wallet ./flow-wallet.txt
  privacy-pools flow start 0.1 ETH --to 0xRecipient... --watch --agent
Prerequisites:
  Requires: init
Safety notes:
  The deposit is still public and reviewed by the ASP before private withdrawal is possible.
  In machine modes, non-round flow amounts are rejected by default for the same privacy reasons as deposit. Prefer round amounts unless you intentionally accept that tradeoff.
  --export-new-wallet is only valid with --new-wallet.
  Non-interactive workflow wallets require --export-new-wallet so the generated private key is backed up before the flow starts.
  Manual commands remain the advanced/manual path when you need custom control over Pool Account selection, amount, or withdrawal mode.
Agent workflow:
  With --new-wallet, the flow stays attached automatically and waits for funding, deposit, approval, and withdrawal unless you detach with Ctrl-C.
  Use --watch to stay attached on configured-wallet workflows; otherwise the workflow is persisted locally and flow watch <workflowId> is the canonical resume path.
JSON output (--json):
  { mode: "flow", action: "start", workflowId, phase, walletMode?, walletAddress?, requiredNativeFunding?, requiredTokenFunding?, backupConfirmed?, chain, asset, depositAmount, recipient, poolAccountId?, poolAccountNumber?, depositTxHash?, depositBlockNumber?, depositExplorerUrl?, committedValue?, aspStatus?, withdrawTxHash?, withdrawBlockNumber?, withdrawExplorerUrl?, ragequitTxHash?, ragequitBlockNumber?, ragequitExplorerUrl?, lastError?, nextActions? }"
`;

exports[`CLI --help snapshots flow watch --help snapshot 1`] = `
"Usage: privacy-pools flow watch [options] [workflowId]
Poll ASP approval and withdraw privately when ready
Arguments:
  workflowId  Saved workflow id (defaults to latest)
Options:
  -h, --help  display help for command
Re-checks a saved workflow using the same protocol realities as the frontend. Workflow phases include awaiting_funding, depositing_publicly, awaiting_asp, approved_ready_to_withdraw, withdrawing, completed, completed_public_recovery, paused_poi_required, paused_declined, and stopped_external.
The saved workflow phase is reported in phase, while the deposit review state remains available separately in aspStatus.
Ctrl-C detaches cleanly. It does not cancel the saved workflow or mutate it beyond any state that was already persisted.
flow watch is intentionally unbounded. Agents that need a wall-clock limit should wrap the command in their own external timeout.
Examples:
  privacy-pools flow watch
  privacy-pools flow watch latest --agent
  privacy-pools flow watch 123e4567-e89b-12d3-a456-426614174000
Prerequisites:
  Requires: init
Safety notes:
  Paused states are successful workflow states, not CLI errors. Declined workflows surface flow ragequit as the canonical recovery path, and PoA-required workflows pause until the external Proof of Association step is completed.
Agent workflow:
  New-wallet workflows wait for funding automatically. ERC20 workflows require both the token amount and a native ETH gas reserve in the generated wallet before the public deposit can proceed.
  When the saved Pool Account is approved, flow watch performs the relayed private withdrawal automatically using the saved recipient and the full remaining balance of that same Pool Account.
  flow watch keeps polling until the saved workflow changes or finishes. If your automation should stop after a fixed duration, wrap the CLI call in your own external timeout.
JSON output (--json):
  { mode: "flow", action: "watch", workflowId, phase, walletMode?, walletAddress?, requiredNativeFunding?, requiredTokenFunding?, backupConfirmed?, chain, asset, depositAmount, recipient, poolAccountId?, poolAccountNumber?, depositTxHash?, depositBlockNumber?, depositExplorerUrl?, committedValue?, aspStatus?, withdrawTxHash?, withdrawBlockNumber?, withdrawExplorerUrl?, ragequitTxHash?, ragequitBlockNumber?, ragequitExplorerUrl?, lastError?, nextActions? }"
`;

exports[`CLI --help snapshots flow status --help snapshot 1`] = `
"Usage: privacy-pools flow status [options] [workflowId]
Show the saved easy-path workflow state
Arguments:
  workflowId  Saved workflow id (defaults to latest)
Options:
  -h, --help  display help for command
Reads the persisted workflow snapshot and prints the current saved phase plus the canonical next action.
This is read-only and does not require init if the saved workflow already exists locally.
Examples:
  privacy-pools flow status
  privacy-pools flow status latest --agent
  privacy-pools flow status 123e4567-e89b-12d3-a456-426614174000
Prerequisites:
  Requires: saved workflow (usually created after init)
JSON output (--json):
  { mode: "flow", action: "status", workflowId, phase, walletMode?, walletAddress?, requiredNativeFunding?, requiredTokenFunding?, backupConfirmed?, chain, asset, depositAmount, recipient, poolAccountId?, poolAccountNumber?, depositTxHash?, depositBlockNumber?, depositExplorerUrl?, committedValue?, aspStatus?, withdrawTxHash?, withdrawBlockNumber?, withdrawExplorerUrl?, ragequitTxHash?, ragequitBlockNumber?, ragequitExplorerUrl?, lastError?, nextActions? }"
`;

exports[`CLI --help snapshots flow ragequit --help snapshot 1`] = `
"Usage: privacy-pools flow ragequit [options] [workflowId]
Recover a saved workflow publicly via ragequit
Arguments:
  workflowId  Saved workflow id (defaults to latest)
Options:
  -h, --help  display help for command
Uses the saved workflow context to perform the public recovery path without changing any manual commands.
For workflow wallets, this uses the stored per-workflow private key. For configured-wallet workflows, it must use the original depositor signer that created the saved flow.
Examples:
  privacy-pools flow ragequit
  privacy-pools flow ragequit latest --agent
  privacy-pools flow ragequit 123e4567-e89b-12d3-a456-426614174000
Prerequisites:
  Requires: init
Safety notes:
  This is a public recovery path. It exits to the original deposit address and does not preserve privacy.
  Configured-wallet recovery only works when the current signer still matches the original depositor address saved with the workflow.
JSON output (--json):
  { mode: "flow", action: "ragequit", workflowId, phase, walletMode?, walletAddress?, requiredNativeFunding?, requiredTokenFunding?, backupConfirmed?, chain, asset, depositAmount, recipient, poolAccountId?, poolAccountNumber?, depositTxHash?, depositBlockNumber?, depositExplorerUrl?, committedValue?, aspStatus?, withdrawTxHash?, withdrawBlockNumber?, withdrawExplorerUrl?, ragequitTxHash?, ragequitBlockNumber?, ragequitExplorerUrl?, lastError?, nextActions? }"
`;

exports[`CLI --help snapshots migrate status --help snapshot 1`] = `
"Usage: privacy-pools migrate status [options]
Show legacy migration readiness on CLI-supported chains
Options:
  --all-chains  Include testnet chains (mainnet chains shown by default)
  -h, --help    display help for command
Reconstructs the legacy account view without persisting local account state, using the built-in CLI pool registry plus current onchain events for CLI-supported chains, then summarizes whether legacy commitments still need website migration, appear fully migrated already, or require website-based public recovery instead.
Without --chain, migrate status checks all mainnet chains by default. Use --all-chains to include testnets.
Examples:
  privacy-pools migrate status
  privacy-pools migrate status --chain mainnet
  privacy-pools migrate status --all-chains --agent
Prerequisites:
  Requires: init
Safety notes:
  This command is read-only. It never submits migration transactions and does not persist rebuilt account state.
  When readinessResolved is false, treat the result as incomplete and review the account in the Privacy Pools website before acting on it.
  This check is limited to chains currently supported by the CLI. Review beta or other website-only migration surfaces in the Privacy Pools website.
Agent workflow:
  Use this after init/import when the CLI warns that a legacy pre-upgrade account may need website migration or website-based recovery.
JSON output (--json):
  { mode: "migration-status", chain, allChains?, chains?, warnings?, status, requiresMigration, requiresWebsiteRecovery, isFullyMigrated, readinessResolved, submissionSupported: false, requiredChainIds, migratedChainIds, missingChainIds, websiteRecoveryChainIds, unresolvedChainIds, chainReadiness: [{ chain, chainId, status, candidateLegacyCommitments, expectedLegacyCommitments, migratedCommitments, legacyMasterSeedNullifiedCount, hasPostMigrationCommitments, isMigrated, legacySpendableCommitments, upgradedSpendableCommitments, declinedLegacyCommitments, reviewStatusComplete, requiresMigration, requiresWebsiteRecovery, scopes }] }"
`;
