// Bun Snapshot v1, https://bun.sh/docs/test/snapshots

exports[`CLI --help snapshots root --help snapshot 1`] = `
"Usage: privacy-pools [options] [command]
Privacy Pools: a compliant way to transact privately on Ethereum
  Explore (no wallet needed)
  pools                List available pools and assets
  activity             Show public activity feed
  stats                Show public statistics
  status               Show configuration and check connection health
  guide                Show usage guide, workflow, and reference
  capabilities         Describe CLI capabilities for agent discovery
  describe             Describe one command for runtime agent introspection
  Transact (run init first)
  init                 Initialize wallet and configuration
  deposit              Deposit into a pool
  withdraw             Withdraw from a pool
  ragequit|exit        Publicly withdraw funds to your deposit address
  accounts             List your Pool Accounts (individual deposit lineages)
                       with balances
  history              Show chronological event history (deposits, withdrawals,
                       ragequits)
  sync                 Force-sync local account state from onchain events
Options:
  -V, --version        output the version number
  -c, --chain <name>   Target chain (mainnet, arbitrum, optimism, ...)
  -j, --json           Machine-readable JSON output on stdout
  --format <format>    Output format: table (default), csv, json
  -y, --yes            Skip confirmation prompts
  --agent              Machine-friendly mode (alias for --json --yes --quiet)
  --timeout <seconds>  Network/transaction timeout in seconds (default: 30)
  -h, --help           display help for command
  Get started:      privacy-pools init
  Full guide:       privacy-pools guide
  Command help:     privacy-pools <command> --help
  Agent discovery:  privacy-pools capabilities"
`;

exports[`CLI --help snapshots init --help snapshot 1`] = `
"Usage: privacy-pools init [options]
Initialize wallet and configuration
Options:
  --mnemonic <phrase>        Import an existing recovery phrase (unsafe: visible
                             in process list)
  --mnemonic-file <path>     Import recovery phrase from a file (raw phrase or
                             Privacy Pools backup file)
  --mnemonic-stdin           Import recovery phrase from stdin (raw phrase or
                             Privacy Pools backup text)
  --show-mnemonic            Include generated recovery phrase in JSON output
                             (unsafe: may be logged or piped)
  --private-key <key>        Set the signer private key (unsafe: visible in
                             process list)
  --private-key-file <path>  Set the signer private key from a file
  --private-key-stdin        Set the signer private key from stdin
  --default-chain <chain>    Set default chain
  --rpc-url <url>            Set RPC URL for the default chain
  --force                    Overwrite existing configuration without prompting
  -h, --help                 display help for command
Privacy Pools uses two keys:
  Recovery phrase: keeps your deposits private (generated during init)
  Signer key:     pays gas and sends transactions (can be set later)
  These are independent. Set the signer key via PRIVACY_POOLS_PRIVATE_KEY env var.
Examples:
  privacy-pools init
  privacy-pools init --yes --default-chain mainnet
  privacy-pools init --force --yes --default-chain mainnet
  privacy-pools init --json --yes --default-chain mainnet --show-mnemonic
  privacy-pools init --mnemonic "word ..." --private-key 0x...
  cat phrase.txt | privacy-pools init --mnemonic-stdin --yes --default-chain mainnet
Safety notes:
  The recovery phrase and signer key are independent secrets: the phrase controls deposit privacy, the key pays gas. Neither is derived from the other.
Agent workflow:
  When generating a new recovery phrase in machine mode, pass --show-mnemonic and capture it immediately.
JSON output (--json):
  { defaultChain, signerKeySet, recoveryPhraseRedacted? | recoveryPhrase?, warning?, nextActions?: [{ command, reason, when, args?, options?, runnable? }] }"
`;

exports[`CLI --help snapshots status --help snapshot 1`] = `
"Usage: privacy-pools status [options]
Show configuration and check connection health
Options:
  --check      Run both RPC and ASP health checks
  --no-check   Suppress default health checks
  --check-rpc  Actively test RPC connectivity
  --check-asp  Actively test ASP liveness
  -h, --help   display help for command
Examples:
  privacy-pools status
  privacy-pools status --check
  privacy-pools status --no-check
  privacy-pools status --json --check-rpc
  privacy-pools status --chain mainnet --rpc-url https://...
JSON output (--json):
  { configExists, configDir, defaultChain, selectedChain, rpcUrl, rpcIsCustom, recoveryPhraseSet, signerKeySet, signerKeyValid, signerAddress, entrypoint, aspHost, accountFiles: [{ chain, chainId }], readyForDeposit, readyForWithdraw, readyForUnsigned, nextActions?: [{ command, reason, when, args?, options?, runnable? }], aspLive?, rpcLive?, rpcBlockNumber? }"
`;

exports[`CLI --help snapshots pools --help snapshot 1`] = `
"Usage: privacy-pools pools [options] [asset]
List available pools and assets
Arguments:
  asset             Asset symbol for detail view (e.g. ETH, BOLD)
Options:
  --all-chains      Include testnet chains (mainnets shown by default)
  --search <query>  Filter by chain/symbol/address/scope
  --sort <mode>     Sort mode (default, asset-asc, asset-desc, tvl-desc,
                    tvl-asc, deposits-desc, deposits-asc, chain-asset) (default:
                    "tvl-desc")
  -h, --help        display help for command
Examples:
  privacy-pools pools
  privacy-pools pools ETH
  privacy-pools pools BOLD --chain mainnet
  privacy-pools pools --all-chains --sort tvl-desc
  privacy-pools pools --search usdc --sort asset-asc
  privacy-pools pools --json --chain mainnet
Agent workflow:
  In pools JSON, 'asset' is the symbol for CLI follow-up commands and 'tokenAddress' is the contract address.
JSON output (--json):
  { chain?, allChains?, chains?, search, sort, pools: [{ chain?, asset, tokenAddress, pool, scope, totalDepositsCount, totalDepositsValue, acceptedDepositsValue, pendingDepositsValue, ... }], warnings? }"
`;

exports[`CLI --help snapshots activity --help snapshot 1`] = `
"Usage: privacy-pools activity [options]
Show public activity feed
Options:
  -a, --asset <symbol|address>  Filter to one pool asset on the selected chain
  --page <n>                    Page number (default: "1")
  --limit <n>                   Items per page (default: "12")
  -h, --help                    display help for command
Examples:
  privacy-pools activity
  privacy-pools activity --page 2 --limit 20
  privacy-pools activity --asset ETH
  privacy-pools activity --asset USDC --json --chain mainnet
JSON output (--json):
  { mode, chain, chains?, page, perPage, total, totalPages, chainFiltered?, note?, asset?, pool?, scope?, events: [{ type, txHash, explorerUrl, reviewStatus, amountRaw, amountFormatted, poolSymbol, poolAddress, chainId, timestamp }] }"
`;

exports[`CLI --help snapshots stats --help snapshot 1`] = `
"Usage: privacy-pools stats [options] [command]
Show public statistics
Options:
  -h, --help      display help for command
Commands:
  global          Show global Privacy Pools statistics (all-time and last 24h)
  pool [options]  Show statistics for a specific pool (all-time and last 24h)
  help [command]  display help for command
Examples:
  privacy-pools stats global
  privacy-pools stats pool --asset ETH
  privacy-pools stats pool --asset USDC --json --chain mainnet"
`;

exports[`CLI --help snapshots deposit --help snapshot 1`] = `
"Usage: privacy-pools deposit [options] <amount> [asset]
Deposit into a pool
Arguments:
  amount                        Amount to deposit (e.g. 0.1)
  asset                         Asset symbol (e.g. ETH, USDC)
Options:
  -a, --asset <symbol|address>  Asset to deposit (symbol like ETH, USDC, or
                                contract address)
  --unsigned [format]           Build unsigned payload; format: envelope
                                (default) or tx
  --dry-run                     Validate and preview the transaction without
                                submitting
  --ignore-unique-amount        Bypass the non-round amount privacy check
  -h, --help                    display help for command
Deposits funds into a Privacy Pool. A ZK proof is generated locally
and the transaction is submitted onchain. The first run may download
circuit files (~30s). Subsequent runs typically complete in 10-30s.
Examples:
  privacy-pools deposit 0.1 ETH
  privacy-pools deposit 100 USDC
  privacy-pools deposit 0.05 ETH --json --yes
  privacy-pools deposit 0.1 ETH --unsigned
  privacy-pools deposit 0.1 ETH --dry-run
  privacy-pools deposit 0.1 --asset ETH --chain mainnet
Prerequisites:
  Requires: init
Safety notes:
  Deposits are reviewed by the ASP before approval. Most approve within 1 hour; some may take up to 7 days.
  A vetting fee is deducted from the deposit amount by the pool's ASP.
  Only approved deposits can be withdrawn privately.
Agent workflow:
  Poll accounts --pending-only while the Pool Account remains pending; when it disappears from pending results, re-run accounts to confirm approval before attempting a private withdrawal.
JSON output (--json):
  { operation, txHash, amount, committedValue, asset, chain, poolAccountNumber, poolAccountId, poolAddress, scope, label, blockNumber, explorerUrl, nextActions?: [{ command, reason, when, args?, options?, runnable? }] }
  --unsigned: { mode, operation, chain, asset, amount, precommitment, transactions[] }
  --unsigned tx: [{ to, data, value, valueHex, chainId }]
  --dry-run: { dryRun, operation, chain, asset, amount, poolAccountNumber, poolAccountId, precommitment, balanceSufficient }
Additional modes:
  --unsigned builds transaction payloads without submitting.
  --dry-run validates the operation without submitting it."
`;

exports[`CLI --help snapshots withdraw --help snapshot 1`] = `
"Usage: privacy-pools withdraw [options] [command] [amount] [asset]
Withdraw from a pool
Arguments:
  amount                                    Amount to withdraw (e.g. 0.05, 50%)
  asset                                     Asset symbol (e.g. ETH, USDC)
Options:
  -t, --to <address>                        Recipient address (required for relayed)
  -p, --from-pa <PA-#|#>                    Withdraw from a specific Pool Account (e.g. PA-2)
  --unsigned [format]                       Build unsigned payload; format: envelope (default) or tx
  --dry-run                                 Generate and verify withdrawal artifacts without submitting
  -a, --asset <symbol|address>              Asset to withdraw
  --all                                     Withdraw entire Pool Account balance
  --extra-gas                               Request gas tokens with withdrawal (default: true for ERC20)
  --no-extra-gas                            Disable extra gas request
  -h, --help                                display help for command
Commands:
  quote [options] <amountOrAsset> [amount]  Request relayer quote and limits without generating a proof
Withdraws funds from a Privacy Pool. Generates a ZK proof locally and
submits via relayer (default, private) or directly onchain (--direct).
Proof generation may take 10-30s. Use 'withdraw quote' to check fees first.
Examples:
  privacy-pools withdraw 0.05 ETH --to 0xRecipient...
  privacy-pools withdraw 0.05 ETH --to 0xRecipient... --from-pa PA-2
  privacy-pools withdraw --all ETH --to 0xRecipient...
  privacy-pools withdraw 50% ETH --to 0xRecipient...
  privacy-pools withdraw 0.1 ETH --to 0xRecipient... --dry-run
  privacy-pools withdraw quote 0.1 ETH --to 0xRecipient...
  privacy-pools withdraw 0.05 ETH --to 0xRecipient... --chain mainnet
Prerequisites:
  Requires: init (account state should be synced)
Safety notes:
  Direct withdrawals are not privacy-preserving. Use relayed mode (default) for private withdrawals.
JSON output (--json):
  { operation, mode, txHash, blockNumber, amount, recipient, explorerUrl, poolAddress, scope, asset, chain, poolAccountNumber, poolAccountId, feeBPS, extraGas?, remainingBalance, anonymitySet?: { eligible, total, percentage } }
  direct: same fields but mode: "direct", fee: null instead of feeBPS, no extraGas, and human output explains the onchain link between deposit and withdrawal.
  quote: { mode: "relayed-quote", chain, asset, amount, recipient, minWithdrawAmount, minWithdrawAmountFormatted, quoteFeeBPS, feeAmount, netAmount, feeCommitmentPresent, quoteExpiresAt, extraGas?, nextActions?: [{ command, reason, when, args?, options?, runnable? }] }
  --unsigned: { mode, operation, withdrawMode, chain, transactions[], ... }
  --unsigned tx: [{ to, data, value, valueHex, chainId }]
  --dry-run: { mode, dryRun, amount, asset, chain, recipient, poolAccountNumber, poolAccountId, selectedCommitmentLabel, selectedCommitmentValue, proofPublicSignals, feeBPS?, quoteExpiresAt?, extraGas?, anonymitySet?: { eligible, total, percentage } }
Additional modes:
  --unsigned builds transaction payloads without submitting.
  --dry-run validates the operation without submitting it."
`;

exports[`CLI --help snapshots ragequit --help snapshot 1`] = `
"Usage: privacy-pools ragequit|exit [options] [asset]
Publicly withdraw funds to your deposit address
Arguments:
  asset                         Optional positional asset alias (e.g., ragequit
                                ETH)
Options:
  -a, --asset <symbol|address>  Asset pool to exit from
  -p, --from-pa <PA-#|#>        Ragequit a specific Pool Account (e.g. PA-2)
  --unsigned [format]           Build unsigned payload; format: envelope
                                (default) or tx
  --dry-run                     Generate proof and validate without submitting
  -h, --help                    display help for command
Use 'withdraw' to withdraw privately once your deposit is ASP-approved.
Use 'ragequit' at any time to recover funds publicly to your deposit
address, even if not approved. No ASP approval is needed, but your
deposit address is revealed onchain. 'exit' is an alias.
Examples:
  privacy-pools ragequit ETH --from-pa PA-1
  privacy-pools ragequit ETH --unsigned --from-pa PA-1
  privacy-pools ragequit ETH --dry-run --from-pa PA-1
  privacy-pools ragequit ETH --from-pa PA-1 --chain mainnet
Prerequisites:
  Requires: init (account state should be synced)
Safety notes:
  Ragequit is public and irreversible and reveals the original deposit address onchain.
JSON output (--json):
  { operation, txHash, amount, asset, chain, poolAccountNumber, poolAccountId, poolAddress, scope, blockNumber, explorerUrl }
  --unsigned: { mode, operation, chain, asset, amount, transactions[] }
  --unsigned tx: [{ to, data, value, valueHex, chainId }]
  --dry-run: { dryRun, operation, chain, asset, amount, poolAccountNumber, poolAccountId, selectedCommitmentLabel, selectedCommitmentValue, proofPublicSignals }
Additional modes:
  --unsigned builds transaction payloads without submitting.
  --dry-run validates the operation without submitting it."
`;

exports[`CLI --help snapshots accounts --help snapshot 1`] = `
"Usage: privacy-pools accounts [options]
List your Pool Accounts (individual deposit lineages) with balances
Options:
  --no-sync       Use cached data (faster, but may be stale)
  --all-chains    Include testnet chains (mainnets shown by default)
  --details       Show additional details per Pool Account
  --summary       Show counts and balances only
  --pending-only  Show only pending ASP approvals
  -h, --help      display help for command
Examples:
  privacy-pools accounts
  privacy-pools accounts --all-chains
  privacy-pools accounts --details
  privacy-pools accounts --summary
  privacy-pools accounts --pending-only
  privacy-pools accounts --json
  privacy-pools accounts --no-sync --chain mainnet
Prerequisites:
  Requires: init
Agent workflow:
  Without --chain, accounts aggregates all mainnets by default. Use --all-chains to include testnets.
  Use --summary or --pending-only to reduce JSON size for polling loops.
  nextActions on accounts are poll-oriented only and appear when pending approvals still exist.
JSON output (--json):
  { chain, allChains?, chains?, warnings?, accounts: [{ poolAccountNumber, poolAccountId, status, aspStatus, asset, scope, value, hash, label, blockNumber, txHash, explorerUrl, chain?, chainId? }], balances: [{ asset, balance, usdValue, poolAccounts, chain?, chainId? }], pendingCount, nextActions?: [{ command, reason, when, args?, options?, runnable? }] }
  --summary: { chain, allChains?, chains?, warnings?, pendingCount, approvedCount, spendableCount, spentCount, exitedCount, balances, nextActions? }
  --pending-only: { chain, allChains?, chains?, warnings?, accounts, pendingCount, nextActions? }"
`;

exports[`CLI --help snapshots history --help snapshot 1`] = `
"Usage: privacy-pools history [options]
Show chronological event history (deposits, withdrawals, ragequits)
Options:
  --no-sync        Use cached data (faster, but may be stale)
  -n, --limit <n>  Show last N events (default: "50")
  -h, --help       display help for command
Examples:
  privacy-pools history
  privacy-pools history --limit 10
  privacy-pools history --json
  privacy-pools history --no-sync --chain mainnet
Prerequisites:
  Requires: init
JSON output (--json):
  { chain, events: [{ type, asset, poolAddress, poolAccountNumber, poolAccountId, value, blockNumber, txHash, explorerUrl }] }"
`;

exports[`CLI --help snapshots sync --help snapshot 1`] = `
"Usage: privacy-pools sync [options]
Force-sync local account state from onchain events
Options:
  -a, --asset <symbol|address>  Sync only a single pool asset
  -h, --help                    display help for command
Examples:
  privacy-pools sync
  privacy-pools sync --asset ETH --json
  privacy-pools sync --chain mainnet
Prerequisites:
  Requires: init
JSON output (--json):
  { chain, syncedPools, availablePoolAccounts, syncedSymbols?, previousAvailablePoolAccounts? }"
`;

exports[`CLI --help snapshots guide --help snapshot 1`] = `
"Usage: privacy-pools guide [options]
Show usage guide, workflow, and reference
Options:
  -h, --help  display help for command"
`;

exports[`CLI --help snapshots capabilities --help snapshot 1`] = `
"Usage: privacy-pools capabilities [options]
Describe CLI capabilities for agent discovery
Options:
  -h, --help  display help for command
Examples:
  privacy-pools capabilities
  privacy-pools capabilities --json
JSON output (--json):
  { commands[], commandDetails{}, globalFlags[], agentWorkflow[], agentNotes{}, schemas{}, supportedChains[], safeReadOnlyCommands[], jsonOutputContract }"
`;

exports[`CLI --help snapshots describe --help snapshot 1`] = `
"Usage: privacy-pools describe [options] <command...>
Describe one command for runtime agent introspection
Arguments:
  command     Command path to describe
Options:
  -h, --help  display help for command
Accepts spaced command paths like 'withdraw quote' and 'stats global'.
Examples:
  privacy-pools describe withdraw
  privacy-pools describe withdraw quote --json
  privacy-pools describe stats global --json
JSON output (--json):
  { command, description, aliases, usage, flags, globalFlags, requiresInit, expectedLatencyClass, safeReadOnly, prerequisites, examples, jsonFields, jsonVariants, safetyNotes, supportsUnsigned, supportsDryRun, agentWorkflowNotes }"
`;

exports[`CLI --help snapshots completion --help snapshot 1`] = `
"Usage: privacy-pools completion [options] [shell]
Generate shell completion script
Arguments:
  shell                Target shell (bash|zsh|fish)
Options:
  -s, --shell <shell>  Target shell (choices: "bash", "zsh", "fish")
  -h, --help           display help for command
Generated scripts register the privacy-pools command.
Examples:
  privacy-pools completion zsh > ~/.zsh/completions/_privacy-pools
  privacy-pools completion bash > ~/.local/share/bash-completion/completions/privacy-pools
  privacy-pools completion fish > ~/.config/fish/completions/privacy-pools.fish
JSON output (--json):
  { mode, shell, completionScript }"
`;

exports[`CLI --help snapshots withdraw quote --help snapshot 1`] = `
"Usage: privacy-pools withdraw quote [options] <amountOrAsset> [amount]
Request relayer quote and limits without generating a proof
Arguments:
  amountOrAsset                 Amount to withdraw (or asset symbol, see
                                examples)
  amount                        Amount (when asset is the first argument)
Options:
  -a, --asset <symbol|address>  Asset to quote
  -t, --to <address>            Recipient address (recommended for signed fee
                                commitment)
  -h, --help                    display help for command
Examples:
  privacy-pools withdraw quote 0.1 ETH --to 0xRecipient...
  privacy-pools withdraw quote 100 USDC --json --chain mainnet
Prerequisites:
  Requires: init
Agent workflow:
  Quotes expire quickly; submit the withdrawal promptly after quoting if the fee is acceptable. Check runnable=false on nextActions for template commands that still need required user input.
JSON output (--json):
  { mode: "relayed-quote", chain, asset, amount, recipient, minWithdrawAmount, minWithdrawAmountFormatted, quoteFeeBPS, feeAmount, netAmount, feeCommitmentPresent, quoteExpiresAt, extraGas?, nextActions?: [{ command, reason, when, args?, options?, runnable? }] }"
`;

exports[`CLI --help snapshots stats global --help snapshot 1`] = `
"Usage: privacy-pools stats global [options]
Show global Privacy Pools statistics (all-time and last 24h)
Options:
  -h, --help  display help for command
Examples:
  privacy-pools stats global
  privacy-pools stats global --json
JSON output (--json):
  { mode, chain, chains?, cacheTimestamp?, allTime?, last24h?, perChain?: [{ chain, cacheTimestamp, allTime, last24h }] }"
`;

exports[`CLI --help snapshots stats pool --help snapshot 1`] = `
"Usage: privacy-pools stats pool [options]
Show statistics for a specific pool (all-time and last 24h)
Options:
  -a, --asset <symbol|address>  Pool asset (symbol like ETH, USDC, or token
                                address)
  -h, --help                    display help for command
Examples:
  privacy-pools stats pool --asset ETH
  privacy-pools stats pool --asset USDC --json --chain mainnet
JSON output (--json):
  { mode, chain, asset, pool, scope, cacheTimestamp?, allTime?, last24h? }"
`;
